Analysis & Synthesis report for Procesor
Mon May 31 12:12:53 2021
Quartus Prime Version 19.1.0 Build 670 09/22/2019 SJ Lite Edition


---------------------
; Table of Contents ;
---------------------
  1. Legal Notice
  2. Analysis & Synthesis Summary
  3. Analysis & Synthesis Settings
  4. Parallel Compilation
  5. Analysis & Synthesis Source Files Read
  6. Analysis & Synthesis Resource Usage Summary
  7. Analysis & Synthesis Resource Utilization by Entity
  8. User-Specified and Inferred Latches
  9. General Register Statistics
 10. Multiplexer Restructuring Statistics (Restructuring Performed)
 11. Post-Synthesis Netlist Statistics for Top Partition
 12. Elapsed Time Per Partition
 13. Analysis & Synthesis Messages



----------------
; Legal Notice ;
----------------
Copyright (C) 2019  Intel Corporation. All rights reserved.
Your use of Intel Corporation's design tools, logic functions 
and other software and tools, and any partner logic 
functions, and any output files from any of the foregoing 
(including device programming or simulation files), and any 
associated documentation or information are expressly subject 
to the terms and conditions of the Intel Program License 
Subscription Agreement, the Intel Quartus Prime License Agreement,
the Intel FPGA IP License Agreement, or other applicable license
agreement, including, without limitation, that your use is for
the sole purpose of programming logic devices manufactured by
Intel and sold by Intel or its authorized distributors.  Please
refer to the applicable agreement for further details, at
https://fpgasoftware.intel.com/eula.



+-------------------------------------------------------------------------------+
; Analysis & Synthesis Summary                                                  ;
+---------------------------------+---------------------------------------------+
; Analysis & Synthesis Status     ; Successful - Mon May 31 12:12:53 2021       ;
; Quartus Prime Version           ; 19.1.0 Build 670 09/22/2019 SJ Lite Edition ;
; Revision Name                   ; Procesor                                    ;
; Top-level Entity Name           ; MMU                                         ;
; Family                          ; Cyclone V                                   ;
; Logic utilization (in ALMs)     ; N/A                                         ;
; Total registers                 ; 0                                           ;
; Total pins                      ; 109                                         ;
; Total virtual pins              ; 0                                           ;
; Total block memory bits         ; 0                                           ;
; Total DSP Blocks                ; 0                                           ;
; Total HSSI RX PCSs              ; 0                                           ;
; Total HSSI PMA RX Deserializers ; 0                                           ;
; Total HSSI TX PCSs              ; 0                                           ;
; Total HSSI PMA TX Serializers   ; 0                                           ;
; Total PLLs                      ; 0                                           ;
; Total DLLs                      ; 0                                           ;
+---------------------------------+---------------------------------------------+


+---------------------------------------------------------------------------------------------------------------------------+
; Analysis & Synthesis Settings                                                                                             ;
+---------------------------------------------------------------------------------+--------------------+--------------------+
; Option                                                                          ; Setting            ; Default Value      ;
+---------------------------------------------------------------------------------+--------------------+--------------------+
; Device                                                                          ; 5CSEMA5F31C6       ;                    ;
; Top-level entity name                                                           ; MMU                ; Procesor           ;
; Family name                                                                     ; Cyclone V          ; Cyclone V          ;
; Use smart compilation                                                           ; Off                ; Off                ;
; Enable parallel Assembler and Timing Analyzer during compilation                ; On                 ; On                 ;
; Enable compact report table                                                     ; Off                ; Off                ;
; Restructure Multiplexers                                                        ; Auto               ; Auto               ;
; MLAB Add Timing Constraints For Mixed-Port Feed-Through Mode Setting Don't Care ; Off                ; Off                ;
; Create Debugging Nodes for IP Cores                                             ; Off                ; Off                ;
; Preserve fewer node names                                                       ; On                 ; On                 ;
; Intel FPGA IP Evaluation Mode                                                   ; Enable             ; Enable             ;
; Verilog Version                                                                 ; Verilog_2001       ; Verilog_2001       ;
; VHDL Version                                                                    ; VHDL_1993          ; VHDL_1993          ;
; State Machine Processing                                                        ; Auto               ; Auto               ;
; Safe State Machine                                                              ; Off                ; Off                ;
; Extract Verilog State Machines                                                  ; On                 ; On                 ;
; Extract VHDL State Machines                                                     ; On                 ; On                 ;
; Ignore Verilog initial constructs                                               ; Off                ; Off                ;
; Iteration limit for constant Verilog loops                                      ; 5000               ; 5000               ;
; Iteration limit for non-constant Verilog loops                                  ; 250                ; 250                ;
; Add Pass-Through Logic to Inferred RAMs                                         ; On                 ; On                 ;
; Infer RAMs from Raw Logic                                                       ; On                 ; On                 ;
; Parallel Synthesis                                                              ; On                 ; On                 ;
; DSP Block Balancing                                                             ; Auto               ; Auto               ;
; NOT Gate Push-Back                                                              ; On                 ; On                 ;
; Power-Up Don't Care                                                             ; On                 ; On                 ;
; Remove Redundant Logic Cells                                                    ; Off                ; Off                ;
; Remove Duplicate Registers                                                      ; On                 ; On                 ;
; Ignore CARRY Buffers                                                            ; Off                ; Off                ;
; Ignore CASCADE Buffers                                                          ; Off                ; Off                ;
; Ignore GLOBAL Buffers                                                           ; Off                ; Off                ;
; Ignore ROW GLOBAL Buffers                                                       ; Off                ; Off                ;
; Ignore LCELL Buffers                                                            ; Off                ; Off                ;
; Ignore SOFT Buffers                                                             ; On                 ; On                 ;
; Limit AHDL Integers to 32 Bits                                                  ; Off                ; Off                ;
; Optimization Technique                                                          ; Balanced           ; Balanced           ;
; Carry Chain Length                                                              ; 70                 ; 70                 ;
; Auto Carry Chains                                                               ; On                 ; On                 ;
; Auto Open-Drain Pins                                                            ; On                 ; On                 ;
; Perform WYSIWYG Primitive Resynthesis                                           ; Off                ; Off                ;
; Auto ROM Replacement                                                            ; On                 ; On                 ;
; Auto RAM Replacement                                                            ; On                 ; On                 ;
; Auto DSP Block Replacement                                                      ; On                 ; On                 ;
; Auto Shift Register Replacement                                                 ; Auto               ; Auto               ;
; Allow Shift Register Merging across Hierarchies                                 ; Auto               ; Auto               ;
; Auto Clock Enable Replacement                                                   ; On                 ; On                 ;
; Strict RAM Replacement                                                          ; Off                ; Off                ;
; Allow Synchronous Control Signals                                               ; On                 ; On                 ;
; Force Use of Synchronous Clear Signals                                          ; Off                ; Off                ;
; Auto Resource Sharing                                                           ; Off                ; Off                ;
; Allow Any RAM Size For Recognition                                              ; Off                ; Off                ;
; Allow Any ROM Size For Recognition                                              ; Off                ; Off                ;
; Allow Any Shift Register Size For Recognition                                   ; Off                ; Off                ;
; Use LogicLock Constraints during Resource Balancing                             ; On                 ; On                 ;
; Ignore translate_off and synthesis_off directives                               ; Off                ; Off                ;
; Timing-Driven Synthesis                                                         ; On                 ; On                 ;
; Report Parameter Settings                                                       ; On                 ; On                 ;
; Report Source Assignments                                                       ; On                 ; On                 ;
; Report Connectivity Checks                                                      ; On                 ; On                 ;
; Ignore Maximum Fan-Out Assignments                                              ; Off                ; Off                ;
; Synchronization Register Chain Length                                           ; 3                  ; 3                  ;
; Power Optimization During Synthesis                                             ; Normal compilation ; Normal compilation ;
; HDL message level                                                               ; Level2             ; Level2             ;
; Suppress Register Optimization Related Messages                                 ; Off                ; Off                ;
; Number of Removed Registers Reported in Synthesis Report                        ; 5000               ; 5000               ;
; Number of Swept Nodes Reported in Synthesis Report                              ; 5000               ; 5000               ;
; Number of Inverted Registers Reported in Synthesis Report                       ; 100                ; 100                ;
; Clock MUX Protection                                                            ; On                 ; On                 ;
; Auto Gated Clock Conversion                                                     ; Off                ; Off                ;
; Block Design Naming                                                             ; Auto               ; Auto               ;
; SDC constraint protection                                                       ; Off                ; Off                ;
; Synthesis Effort                                                                ; Auto               ; Auto               ;
; Shift Register Replacement - Allow Asynchronous Clear Signal                    ; On                 ; On                 ;
; Pre-Mapping Resynthesis Optimization                                            ; Off                ; Off                ;
; Analysis & Synthesis Message Level                                              ; Medium             ; Medium             ;
; Disable Register Merging Across Hierarchies                                     ; Auto               ; Auto               ;
; Resource Aware Inference For Block RAM                                          ; On                 ; On                 ;
; Automatic Parallel Synthesis                                                    ; On                 ; On                 ;
; Partial Reconfiguration Bitstream ID                                            ; Off                ; Off                ;
+---------------------------------------------------------------------------------+--------------------+--------------------+


+------------------------------------------+
; Parallel Compilation                     ;
+----------------------------+-------------+
; Processors                 ; Number      ;
+----------------------------+-------------+
; Number detected on machine ; 8           ;
; Maximum allowed            ; 4           ;
;                            ;             ;
; Average used               ; 1.00        ;
; Maximum used               ; 4           ;
;                            ;             ;
; Usage by Processor         ; % Time Used ;
;     Processor 1            ; 100.0%      ;
;     Processors 2-4         ;   0.0%      ;
+----------------------------+-------------+


+------------------------------------------------------------------------------------------------------------------------------------------------+
; Analysis & Synthesis Source Files Read                                                                                                         ;
+----------------------------------+-----------------+-----------------+---------------------------------------------------------------+---------+
; File Name with User-Entered Path ; Used in Netlist ; File Type       ; File Name with Absolute Path                                  ; Library ;
+----------------------------------+-----------------+-----------------+---------------------------------------------------------------+---------+
; MMU.vhd                          ; yes             ; User VHDL File  ; C:/Users/jabla/OneDrive/Studia/Semestr_IV/ASK/Projekt/MMU.vhd ;         ;
+----------------------------------+-----------------+-----------------+---------------------------------------------------------------+---------+


+-------------------------------------------------------------+
; Analysis & Synthesis Resource Usage Summary                 ;
+---------------------------------------------+---------------+
; Resource                                    ; Usage         ;
+---------------------------------------------+---------------+
; Estimate of Logic utilization (ALMs needed) ; 152           ;
;                                             ;               ;
; Combinational ALUT usage for logic          ; 224           ;
;     -- 7 input functions                    ; 0             ;
;     -- 6 input functions                    ; 80            ;
;     -- 5 input functions                    ; 19            ;
;     -- 4 input functions                    ; 2             ;
;     -- <=3 input functions                  ; 123           ;
;                                             ;               ;
; Dedicated logic registers                   ; 0             ;
;                                             ;               ;
; I/O pins                                    ; 109           ;
;                                             ;               ;
; Total DSP Blocks                            ; 0             ;
;                                             ;               ;
; Maximum fan-out node                        ; Sseg[1]~input ;
; Maximum fan-out                             ; 57            ;
; Total fan-out                               ; 1143          ;
; Average fan-out                             ; 2.50          ;
+---------------------------------------------+---------------+


+----------------------------------------------------------------------------------------------------------------------------------------------------------------------------------------+
; Analysis & Synthesis Resource Utilization by Entity                                                                                                                                    ;
+----------------------------+---------------------+---------------------------+-------------------+------------+------+--------------+---------------------+-------------+--------------+
; Compilation Hierarchy Node ; Combinational ALUTs ; Dedicated Logic Registers ; Block Memory Bits ; DSP Blocks ; Pins ; Virtual Pins ; Full Hierarchy Name ; Entity Name ; Library Name ;
+----------------------------+---------------------+---------------------------+-------------------+------------+------+--------------+---------------------+-------------+--------------+
; |MMU                       ; 224 (224)           ; 0 (0)                     ; 0                 ; 0          ; 109  ; 0            ; |MMU                ; MMU         ; work         ;
+----------------------------+---------------------+---------------------------+-------------------+------------+------+--------------+---------------------+-------------+--------------+
Note: For table entries with two numbers listed, the numbers in parentheses indicate the number of resources of the given type used by the specific entity alone. The numbers listed outside of parentheses indicate the total resources of the given type used by the specific entity and all of its sub-entities in the hierarchy.


+-----------------------------------------------------------------------------------------------------+
; User-Specified and Inferred Latches                                                                 ;
+------------------------------------------------------+---------------------+------------------------+
; Latch Name                                           ; Latch Enable Signal ; Free of Timing Hazards ;
+------------------------------------------------------+---------------------+------------------------+
; MAR[0]                                               ; Smar                ; yes                    ;
; MAR[1]                                               ; Smar                ; yes                    ;
; MAR[2]                                               ; Smar                ; yes                    ;
; MAR[3]                                               ; Smar                ; yes                    ;
; MAR[4]                                               ; Smar                ; yes                    ;
; MAR[5]                                               ; Smar                ; yes                    ;
; MAR[6]                                               ; Smar                ; yes                    ;
; MAR[7]                                               ; Smar                ; yes                    ;
; MAR[8]                                               ; Smar                ; yes                    ;
; MAR[9]                                               ; Smar                ; yes                    ;
; MAR[10]                                              ; Smar                ; yes                    ;
; MAR[11]                                              ; Smar                ; yes                    ;
; MAR[12]                                              ; Smar                ; yes                    ;
; MAR[13]                                              ; Smar                ; yes                    ;
; MAR[14]                                              ; Smar                ; yes                    ;
; MAR[15]                                              ; Smar                ; yes                    ;
; MAR[16]                                              ; Smar                ; yes                    ;
; MAR[17]                                              ; Smar                ; yes                    ;
; MAR[18]                                              ; Smar                ; yes                    ;
; MAR[19]                                              ; Smar                ; yes                    ;
; MBRin[0]                                             ; MBRin[15]           ; yes                    ;
; MBRin[1]                                             ; MBRin[15]           ; yes                    ;
; MBRin[2]                                             ; MBRin[15]           ; yes                    ;
; MBRin[3]                                             ; MBRin[15]           ; yes                    ;
; MBRin[4]                                             ; MBRin[15]           ; yes                    ;
; MBRin[5]                                             ; MBRin[15]           ; yes                    ;
; MBRin[6]                                             ; MBRin[15]           ; yes                    ;
; MBRin[7]                                             ; MBRin[15]           ; yes                    ;
; MBRin[8]                                             ; MBRin[15]           ; yes                    ;
; MBRin[9]                                             ; MBRin[15]           ; yes                    ;
; MBRin[10]                                            ; MBRin[15]           ; yes                    ;
; MBRin[11]                                            ; MBRin[15]           ; yes                    ;
; MBRin[12]                                            ; MBRin[15]           ; yes                    ;
; MBRin[13]                                            ; MBRin[15]           ; yes                    ;
; MBRin[14]                                            ; MBRin[15]           ; yes                    ;
; MBRin[15]                                            ; MBRin[15]           ; yes                    ;
; D[0]$latch                                           ; D[0]                ; yes                    ;
; D[0]_899                                             ; D[0]                ; yes                    ;
; D[1]$latch                                           ; D[0]                ; yes                    ;
; D[2]$latch                                           ; D[0]                ; yes                    ;
; D[3]$latch                                           ; D[0]                ; yes                    ;
; D[4]$latch                                           ; D[0]                ; yes                    ;
; D[5]$latch                                           ; D[0]                ; yes                    ;
; D[6]$latch                                           ; D[0]                ; yes                    ;
; D[7]$latch                                           ; D[0]                ; yes                    ;
; D[8]$latch                                           ; D[0]                ; yes                    ;
; D[9]$latch                                           ; D[0]                ; yes                    ;
; D[10]$latch                                          ; D[0]                ; yes                    ;
; D[11]$latch                                          ; D[0]                ; yes                    ;
; D[12]$latch                                          ; D[0]                ; yes                    ;
; D[13]$latch                                          ; D[0]                ; yes                    ;
; D[14]$latch                                          ; D[0]                ; yes                    ;
; D[15]$latch                                          ; D[0]                ; yes                    ;
; MBRout[0]                                            ; MBRout[0]           ; yes                    ;
; CS[4]                                                ; CS[4]               ; yes                    ;
; DS[4]                                                ; DS[4]               ; yes                    ;
; SS[4]                                                ; SS[4]               ; yes                    ;
; MBRout[1]                                            ; MBRout[0]           ; yes                    ;
; CS[5]                                                ; CS[4]               ; yes                    ;
; DS[5]                                                ; DS[4]               ; yes                    ;
; SS[5]                                                ; SS[4]               ; yes                    ;
; MBRout[2]                                            ; MBRout[0]           ; yes                    ;
; CS[6]                                                ; CS[4]               ; yes                    ;
; DS[6]                                                ; DS[4]               ; yes                    ;
; SS[6]                                                ; SS[4]               ; yes                    ;
; MBRout[3]                                            ; MBRout[0]           ; yes                    ;
; CS[7]                                                ; CS[4]               ; yes                    ;
; DS[7]                                                ; DS[4]               ; yes                    ;
; SS[7]                                                ; SS[4]               ; yes                    ;
; MBRout[4]                                            ; MBRout[0]           ; yes                    ;
; CS[8]                                                ; CS[4]               ; yes                    ;
; DS[8]                                                ; DS[4]               ; yes                    ;
; SS[8]                                                ; SS[4]               ; yes                    ;
; MBRout[5]                                            ; MBRout[0]           ; yes                    ;
; CS[9]                                                ; CS[4]               ; yes                    ;
; DS[9]                                                ; DS[4]               ; yes                    ;
; SS[9]                                                ; SS[4]               ; yes                    ;
; MBRout[6]                                            ; MBRout[0]           ; yes                    ;
; CS[10]                                               ; CS[4]               ; yes                    ;
; DS[10]                                               ; DS[4]               ; yes                    ;
; SS[10]                                               ; SS[4]               ; yes                    ;
; MBRout[7]                                            ; MBRout[0]           ; yes                    ;
; CS[11]                                               ; CS[4]               ; yes                    ;
; DS[11]                                               ; DS[4]               ; yes                    ;
; SS[11]                                               ; SS[4]               ; yes                    ;
; MBRout[8]                                            ; MBRout[0]           ; yes                    ;
; CS[12]                                               ; CS[4]               ; yes                    ;
; DS[12]                                               ; DS[4]               ; yes                    ;
; SS[12]                                               ; SS[4]               ; yes                    ;
; MBRout[9]                                            ; MBRout[0]           ; yes                    ;
; CS[13]                                               ; CS[4]               ; yes                    ;
; DS[13]                                               ; DS[4]               ; yes                    ;
; SS[13]                                               ; SS[4]               ; yes                    ;
; MBRout[10]                                           ; MBRout[0]           ; yes                    ;
; CS[14]                                               ; CS[4]               ; yes                    ;
; DS[14]                                               ; DS[4]               ; yes                    ;
; SS[14]                                               ; SS[4]               ; yes                    ;
; MBRout[11]                                           ; MBRout[0]           ; yes                    ;
; CS[15]                                               ; CS[4]               ; yes                    ;
; DS[15]                                               ; DS[4]               ; yes                    ;
; Number of user-specified and inferred latches = 117  ;                     ;                        ;
+------------------------------------------------------+---------------------+------------------------+
Table restricted to first 100 entries. Note: All latches listed above may not be present at the end of synthesis due to various synthesis optimizations.


+------------------------------------------------------+
; General Register Statistics                          ;
+----------------------------------------------+-------+
; Statistic                                    ; Value ;
+----------------------------------------------+-------+
; Total registers                              ; 0     ;
; Number of registers using Synchronous Clear  ; 0     ;
; Number of registers using Synchronous Load   ; 0     ;
; Number of registers using Asynchronous Clear ; 0     ;
; Number of registers using Asynchronous Load  ; 0     ;
; Number of registers using Clock Enable       ; 0     ;
; Number of registers using Preset             ; 0     ;
+----------------------------------------------+-------+


+------------------------------------------------------------------------------------------------------------------------------------------+
; Multiplexer Restructuring Statistics (Restructuring Performed)                                                                           ;
+--------------------+-----------+---------------+----------------------+------------------------+------------+----------------------------+
; Multiplexer Inputs ; Bus Width ; Baseline Area ; Area if Restructured ; Saving if Restructured ; Registered ; Example Multiplexer Output ;
+--------------------+-----------+---------------+----------------------+------------------------+------------+----------------------------+
; 4:1                ; 16 bits   ; 32 LEs        ; 32 LEs               ; 0 LEs                  ; No         ; |MMU|MBRout[11]            ;
; 8:1                ; 16 bits   ; 80 LEs        ; 64 LEs               ; 16 LEs                 ; No         ; |MMU|D[7]                  ;
+--------------------+-----------+---------------+----------------------+------------------------+------------+----------------------------+


+-----------------------------------------------------+
; Post-Synthesis Netlist Statistics for Top Partition ;
+-----------------------+-----------------------------+
; Type                  ; Count                       ;
+-----------------------+-----------------------------+
; arriav_io_obuf        ; 16                          ;
; arriav_lcell_comb     ; 224                         ;
;     normal            ; 224                         ;
;         2 data inputs ; 4                           ;
;         3 data inputs ; 119                         ;
;         4 data inputs ; 2                           ;
;         5 data inputs ; 19                          ;
;         6 data inputs ; 80                          ;
; boundary_port         ; 109                         ;
;                       ;                             ;
; Max LUT depth         ; 4.00                        ;
; Average LUT depth     ; 2.19                        ;
+-----------------------+-----------------------------+


+-------------------------------+
; Elapsed Time Per Partition    ;
+----------------+--------------+
; Partition Name ; Elapsed Time ;
+----------------+--------------+
; Top            ; 00:00:02     ;
+----------------+--------------+


+-------------------------------+
; Analysis & Synthesis Messages ;
+-------------------------------+
Info: *******************************************************************
Info: Running Quartus Prime Analysis & Synthesis
    Info: Version 19.1.0 Build 670 09/22/2019 SJ Lite Edition
    Info: Processing started: Mon May 31 12:12:34 2021
Info: Command: quartus_map --read_settings_files=on --write_settings_files=off Procesor -c Procesor
Warning (18236): Number of processors has not been specified which may cause overloading on shared machines.  Set the global assignment NUM_PARALLEL_PROCESSORS in your QSF to an appropriate value for best performance.
Info (20030): Parallel compilation is enabled and will use 4 of the 4 processors detected
Info (12021): Found 2 design units, including 1 entities, in source file alu.vhd
    Info (12022): Found design unit 1: ALU-rtl File: C:/Users/jabla/OneDrive/Studia/Semestr_IV/ASK/Projekt/ALU.vhd Line: 25
    Info (12023): Found entity 1: ALU File: C:/Users/jabla/OneDrive/Studia/Semestr_IV/ASK/Projekt/ALU.vhd Line: 5
Info (12021): Found 2 design units, including 1 entities, in source file rejestry.vhd
    Info (12022): Found design unit 1: Rejestry-rtl File: C:/Users/jabla/OneDrive/Studia/Semestr_IV/ASK/Projekt/Rejestry.vhd Line: 33
    Info (12023): Found entity 1: Rejestry File: C:/Users/jabla/OneDrive/Studia/Semestr_IV/ASK/Projekt/Rejestry.vhd Line: 4
Info (12021): Found 2 design units, including 1 entities, in source file mmu.vhd
    Info (12022): Found design unit 1: MMU-rtl File: C:/Users/jabla/OneDrive/Studia/Semestr_IV/ASK/Projekt/MMU.vhd Line: 31
    Info (12023): Found entity 1: MMU File: C:/Users/jabla/OneDrive/Studia/Semestr_IV/ASK/Projekt/MMU.vhd Line: 5
Info (12021): Found 2 design units, including 1 entities, in source file jednostka_sterujaca.vhd
    Info (12022): Found design unit 1: Jednostka_Sterujaca-rtl File: C:/Users/jabla/OneDrive/Studia/Semestr_IV/ASK/Projekt/Jednostka_Sterujaca.vhd Line: 18
    Info (12023): Found entity 1: Jednostka_Sterujaca File: C:/Users/jabla/OneDrive/Studia/Semestr_IV/ASK/Projekt/Jednostka_Sterujaca.vhd Line: 5
Info (12021): Found 2 design units, including 1 entities, in source file procesor.vhd
    Info (12022): Found design unit 1: procesor-arch File: C:/Users/jabla/OneDrive/Studia/Semestr_IV/ASK/Projekt/Procesor.vhd Line: 11
    Info (12023): Found entity 1: procesor File: C:/Users/jabla/OneDrive/Studia/Semestr_IV/ASK/Projekt/Procesor.vhd Line: 5
Info (12021): Found 2 design units, including 1 entities, in source file ram.vhd
    Info (12022): Found design unit 1: ram-arch File: C:/Users/jabla/OneDrive/Studia/Semestr_IV/ASK/Projekt/Ram.vhd Line: 15
    Info (12023): Found entity 1: ram File: C:/Users/jabla/OneDrive/Studia/Semestr_IV/ASK/Projekt/Ram.vhd Line: 5
Info (12127): Elaborating entity "MMU" for the top level hierarchy
Warning (10492): VHDL Process Statement warning at MMU.vhd(41): signal "Sseg" is read inside the Process Statement but isn't in the Process Statement's sensitivity list File: C:/Users/jabla/OneDrive/Studia/Semestr_IV/ASK/Projekt/MMU.vhd Line: 41
Warning (10492): VHDL Process Statement warning at MMU.vhd(56): signal "Sinternal" is read inside the Process Statement but isn't in the Process Statement's sensitivity list File: C:/Users/jabla/OneDrive/Studia/Semestr_IV/ASK/Projekt/MMU.vhd Line: 56
Warning (10492): VHDL Process Statement warning at MMU.vhd(68): signal "Sinternal" is read inside the Process Statement but isn't in the Process Statement's sensitivity list File: C:/Users/jabla/OneDrive/Studia/Semestr_IV/ASK/Projekt/MMU.vhd Line: 68
Warning (10492): VHDL Process Statement warning at MMU.vhd(70): signal "Sseg" is read inside the Process Statement but isn't in the Process Statement's sensitivity list File: C:/Users/jabla/OneDrive/Studia/Semestr_IV/ASK/Projekt/MMU.vhd Line: 70
Warning (10492): VHDL Process Statement warning at MMU.vhd(78): signal "Sseg" is read inside the Process Statement but isn't in the Process Statement's sensitivity list File: C:/Users/jabla/OneDrive/Studia/Semestr_IV/ASK/Projekt/MMU.vhd Line: 78
Warning (10492): VHDL Process Statement warning at MMU.vhd(86): signal "Sseg" is read inside the Process Statement but isn't in the Process Statement's sensitivity list File: C:/Users/jabla/OneDrive/Studia/Semestr_IV/ASK/Projekt/MMU.vhd Line: 86
Warning (10492): VHDL Process Statement warning at MMU.vhd(96): signal "Sseg" is read inside the Process Statement but isn't in the Process Statement's sensitivity list File: C:/Users/jabla/OneDrive/Studia/Semestr_IV/ASK/Projekt/MMU.vhd Line: 96
Warning (10631): VHDL Process Statement warning at MMU.vhd(33): inferring latch(es) for signal or variable "MAR", which holds its previous value in one or more paths through the process File: C:/Users/jabla/OneDrive/Studia/Semestr_IV/ASK/Projekt/MMU.vhd Line: 33
Warning (10631): VHDL Process Statement warning at MMU.vhd(33): inferring latch(es) for signal or variable "MBRout", which holds its previous value in one or more paths through the process File: C:/Users/jabla/OneDrive/Studia/Semestr_IV/ASK/Projekt/MMU.vhd Line: 33
Warning (10631): VHDL Process Statement warning at MMU.vhd(33): inferring latch(es) for signal or variable "MBRin", which holds its previous value in one or more paths through the process File: C:/Users/jabla/OneDrive/Studia/Semestr_IV/ASK/Projekt/MMU.vhd Line: 33
Warning (10631): VHDL Process Statement warning at MMU.vhd(33): inferring latch(es) for signal or variable "D", which holds its previous value in one or more paths through the process File: C:/Users/jabla/OneDrive/Studia/Semestr_IV/ASK/Projekt/MMU.vhd Line: 33
Warning (10631): VHDL Process Statement warning at MMU.vhd(33): inferring latch(es) for signal or variable "CS", which holds its previous value in one or more paths through the process File: C:/Users/jabla/OneDrive/Studia/Semestr_IV/ASK/Projekt/MMU.vhd Line: 33
Warning (10631): VHDL Process Statement warning at MMU.vhd(33): inferring latch(es) for signal or variable "DS", which holds its previous value in one or more paths through the process File: C:/Users/jabla/OneDrive/Studia/Semestr_IV/ASK/Projekt/MMU.vhd Line: 33
Warning (10631): VHDL Process Statement warning at MMU.vhd(33): inferring latch(es) for signal or variable "SS", which holds its previous value in one or more paths through the process File: C:/Users/jabla/OneDrive/Studia/Semestr_IV/ASK/Projekt/MMU.vhd Line: 33
Info (10041): Inferred latch for "D[0]" at MMU.vhd(33) File: C:/Users/jabla/OneDrive/Studia/Semestr_IV/ASK/Projekt/MMU.vhd Line: 33
Info (10041): Inferred latch for "D[1]" at MMU.vhd(33) File: C:/Users/jabla/OneDrive/Studia/Semestr_IV/ASK/Projekt/MMU.vhd Line: 33
Info (10041): Inferred latch for "D[2]" at MMU.vhd(33) File: C:/Users/jabla/OneDrive/Studia/Semestr_IV/ASK/Projekt/MMU.vhd Line: 33
Info (10041): Inferred latch for "D[3]" at MMU.vhd(33) File: C:/Users/jabla/OneDrive/Studia/Semestr_IV/ASK/Projekt/MMU.vhd Line: 33
Info (10041): Inferred latch for "D[4]" at MMU.vhd(33) File: C:/Users/jabla/OneDrive/Studia/Semestr_IV/ASK/Projekt/MMU.vhd Line: 33
Info (10041): Inferred latch for "D[5]" at MMU.vhd(33) File: C:/Users/jabla/OneDrive/Studia/Semestr_IV/ASK/Projekt/MMU.vhd Line: 33
Info (10041): Inferred latch for "D[6]" at MMU.vhd(33) File: C:/Users/jabla/OneDrive/Studia/Semestr_IV/ASK/Projekt/MMU.vhd Line: 33
Info (10041): Inferred latch for "D[7]" at MMU.vhd(33) File: C:/Users/jabla/OneDrive/Studia/Semestr_IV/ASK/Projekt/MMU.vhd Line: 33
Info (10041): Inferred latch for "D[8]" at MMU.vhd(33) File: C:/Users/jabla/OneDrive/Studia/Semestr_IV/ASK/Projekt/MMU.vhd Line: 33
Info (10041): Inferred latch for "D[9]" at MMU.vhd(33) File: C:/Users/jabla/OneDrive/Studia/Semestr_IV/ASK/Projekt/MMU.vhd Line: 33
Info (10041): Inferred latch for "D[10]" at MMU.vhd(33) File: C:/Users/jabla/OneDrive/Studia/Semestr_IV/ASK/Projekt/MMU.vhd Line: 33
Info (10041): Inferred latch for "D[11]" at MMU.vhd(33) File: C:/Users/jabla/OneDrive/Studia/Semestr_IV/ASK/Projekt/MMU.vhd Line: 33
Info (10041): Inferred latch for "D[12]" at MMU.vhd(33) File: C:/Users/jabla/OneDrive/Studia/Semestr_IV/ASK/Projekt/MMU.vhd Line: 33
Info (10041): Inferred latch for "D[13]" at MMU.vhd(33) File: C:/Users/jabla/OneDrive/Studia/Semestr_IV/ASK/Projekt/MMU.vhd Line: 33
Info (10041): Inferred latch for "D[14]" at MMU.vhd(33) File: C:/Users/jabla/OneDrive/Studia/Semestr_IV/ASK/Projekt/MMU.vhd Line: 33
Info (10041): Inferred latch for "D[15]" at MMU.vhd(33) File: C:/Users/jabla/OneDrive/Studia/Semestr_IV/ASK/Projekt/MMU.vhd Line: 33
Info (10041): Inferred latch for "SS[4]" at MMU.vhd(95) File: C:/Users/jabla/OneDrive/Studia/Semestr_IV/ASK/Projekt/MMU.vhd Line: 95
Info (10041): Inferred latch for "SS[5]" at MMU.vhd(95) File: C:/Users/jabla/OneDrive/Studia/Semestr_IV/ASK/Projekt/MMU.vhd Line: 95
Info (10041): Inferred latch for "SS[6]" at MMU.vhd(95) File: C:/Users/jabla/OneDrive/Studia/Semestr_IV/ASK/Projekt/MMU.vhd Line: 95
Info (10041): Inferred latch for "SS[7]" at MMU.vhd(95) File: C:/Users/jabla/OneDrive/Studia/Semestr_IV/ASK/Projekt/MMU.vhd Line: 95
Info (10041): Inferred latch for "SS[8]" at MMU.vhd(95) File: C:/Users/jabla/OneDrive/Studia/Semestr_IV/ASK/Projekt/MMU.vhd Line: 95
Info (10041): Inferred latch for "SS[9]" at MMU.vhd(95) File: C:/Users/jabla/OneDrive/Studia/Semestr_IV/ASK/Projekt/MMU.vhd Line: 95
Info (10041): Inferred latch for "SS[10]" at MMU.vhd(95) File: C:/Users/jabla/OneDrive/Studia/Semestr_IV/ASK/Projekt/MMU.vhd Line: 95
Info (10041): Inferred latch for "SS[11]" at MMU.vhd(95) File: C:/Users/jabla/OneDrive/Studia/Semestr_IV/ASK/Projekt/MMU.vhd Line: 95
Info (10041): Inferred latch for "SS[12]" at MMU.vhd(95) File: C:/Users/jabla/OneDrive/Studia/Semestr_IV/ASK/Projekt/MMU.vhd Line: 95
Info (10041): Inferred latch for "SS[13]" at MMU.vhd(95) File: C:/Users/jabla/OneDrive/Studia/Semestr_IV/ASK/Projekt/MMU.vhd Line: 95
Info (10041): Inferred latch for "SS[14]" at MMU.vhd(95) File: C:/Users/jabla/OneDrive/Studia/Semestr_IV/ASK/Projekt/MMU.vhd Line: 95
Info (10041): Inferred latch for "SS[15]" at MMU.vhd(95) File: C:/Users/jabla/OneDrive/Studia/Semestr_IV/ASK/Projekt/MMU.vhd Line: 95
Info (10041): Inferred latch for "SS[16]" at MMU.vhd(95) File: C:/Users/jabla/OneDrive/Studia/Semestr_IV/ASK/Projekt/MMU.vhd Line: 95
Info (10041): Inferred latch for "SS[17]" at MMU.vhd(95) File: C:/Users/jabla/OneDrive/Studia/Semestr_IV/ASK/Projekt/MMU.vhd Line: 95
Info (10041): Inferred latch for "SS[18]" at MMU.vhd(95) File: C:/Users/jabla/OneDrive/Studia/Semestr_IV/ASK/Projekt/MMU.vhd Line: 95
Info (10041): Inferred latch for "SS[19]" at MMU.vhd(95) File: C:/Users/jabla/OneDrive/Studia/Semestr_IV/ASK/Projekt/MMU.vhd Line: 95
Info (10041): Inferred latch for "DS[4]" at MMU.vhd(95) File: C:/Users/jabla/OneDrive/Studia/Semestr_IV/ASK/Projekt/MMU.vhd Line: 95
Info (10041): Inferred latch for "DS[5]" at MMU.vhd(95) File: C:/Users/jabla/OneDrive/Studia/Semestr_IV/ASK/Projekt/MMU.vhd Line: 95
Info (10041): Inferred latch for "DS[6]" at MMU.vhd(95) File: C:/Users/jabla/OneDrive/Studia/Semestr_IV/ASK/Projekt/MMU.vhd Line: 95
Info (10041): Inferred latch for "DS[7]" at MMU.vhd(95) File: C:/Users/jabla/OneDrive/Studia/Semestr_IV/ASK/Projekt/MMU.vhd Line: 95
Info (10041): Inferred latch for "DS[8]" at MMU.vhd(95) File: C:/Users/jabla/OneDrive/Studia/Semestr_IV/ASK/Projekt/MMU.vhd Line: 95
Info (10041): Inferred latch for "DS[9]" at MMU.vhd(95) File: C:/Users/jabla/OneDrive/Studia/Semestr_IV/ASK/Projekt/MMU.vhd Line: 95
Info (10041): Inferred latch for "DS[10]" at MMU.vhd(95) File: C:/Users/jabla/OneDrive/Studia/Semestr_IV/ASK/Projekt/MMU.vhd Line: 95
Info (10041): Inferred latch for "DS[11]" at MMU.vhd(95) File: C:/Users/jabla/OneDrive/Studia/Semestr_IV/ASK/Projekt/MMU.vhd Line: 95
Info (10041): Inferred latch for "DS[12]" at MMU.vhd(95) File: C:/Users/jabla/OneDrive/Studia/Semestr_IV/ASK/Projekt/MMU.vhd Line: 95
Info (10041): Inferred latch for "DS[13]" at MMU.vhd(95) File: C:/Users/jabla/OneDrive/Studia/Semestr_IV/ASK/Projekt/MMU.vhd Line: 95
Info (10041): Inferred latch for "DS[14]" at MMU.vhd(95) File: C:/Users/jabla/OneDrive/Studia/Semestr_IV/ASK/Projekt/MMU.vhd Line: 95
Info (10041): Inferred latch for "DS[15]" at MMU.vhd(95) File: C:/Users/jabla/OneDrive/Studia/Semestr_IV/ASK/Projekt/MMU.vhd Line: 95
Info (10041): Inferred latch for "DS[16]" at MMU.vhd(95) File: C:/Users/jabla/OneDrive/Studia/Semestr_IV/ASK/Projekt/MMU.vhd Line: 95
Info (10041): Inferred latch for "DS[17]" at MMU.vhd(95) File: C:/Users/jabla/OneDrive/Studia/Semestr_IV/ASK/Projekt/MMU.vhd Line: 95
Info (10041): Inferred latch for "DS[18]" at MMU.vhd(95) File: C:/Users/jabla/OneDrive/Studia/Semestr_IV/ASK/Projekt/MMU.vhd Line: 95
Info (10041): Inferred latch for "DS[19]" at MMU.vhd(95) File: C:/Users/jabla/OneDrive/Studia/Semestr_IV/ASK/Projekt/MMU.vhd Line: 95
Info (10041): Inferred latch for "CS[4]" at MMU.vhd(95) File: C:/Users/jabla/OneDrive/Studia/Semestr_IV/ASK/Projekt/MMU.vhd Line: 95
Info (10041): Inferred latch for "CS[5]" at MMU.vhd(95) File: C:/Users/jabla/OneDrive/Studia/Semestr_IV/ASK/Projekt/MMU.vhd Line: 95
Info (10041): Inferred latch for "CS[6]" at MMU.vhd(95) File: C:/Users/jabla/OneDrive/Studia/Semestr_IV/ASK/Projekt/MMU.vhd Line: 95
Info (10041): Inferred latch for "CS[7]" at MMU.vhd(95) File: C:/Users/jabla/OneDrive/Studia/Semestr_IV/ASK/Projekt/MMU.vhd Line: 95
Info (10041): Inferred latch for "CS[8]" at MMU.vhd(95) File: C:/Users/jabla/OneDrive/Studia/Semestr_IV/ASK/Projekt/MMU.vhd Line: 95
Info (10041): Inferred latch for "CS[9]" at MMU.vhd(95) File: C:/Users/jabla/OneDrive/Studia/Semestr_IV/ASK/Projekt/MMU.vhd Line: 95
Info (10041): Inferred latch for "CS[10]" at MMU.vhd(95) File: C:/Users/jabla/OneDrive/Studia/Semestr_IV/ASK/Projekt/MMU.vhd Line: 95
Info (10041): Inferred latch for "CS[11]" at MMU.vhd(95) File: C:/Users/jabla/OneDrive/Studia/Semestr_IV/ASK/Projekt/MMU.vhd Line: 95
Info (10041): Inferred latch for "CS[12]" at MMU.vhd(95) File: C:/Users/jabla/OneDrive/Studia/Semestr_IV/ASK/Projekt/MMU.vhd Line: 95
Info (10041): Inferred latch for "CS[13]" at MMU.vhd(95) File: C:/Users/jabla/OneDrive/Studia/Semestr_IV/ASK/Projekt/MMU.vhd Line: 95
Info (10041): Inferred latch for "CS[14]" at MMU.vhd(95) File: C:/Users/jabla/OneDrive/Studia/Semestr_IV/ASK/Projekt/MMU.vhd Line: 95
Info (10041): Inferred latch for "CS[15]" at MMU.vhd(95) File: C:/Users/jabla/OneDrive/Studia/Semestr_IV/ASK/Projekt/MMU.vhd Line: 95
Info (10041): Inferred latch for "CS[16]" at MMU.vhd(95) File: C:/Users/jabla/OneDrive/Studia/Semestr_IV/ASK/Projekt/MMU.vhd Line: 95
Info (10041): Inferred latch for "CS[17]" at MMU.vhd(95) File: C:/Users/jabla/OneDrive/Studia/Semestr_IV/ASK/Projekt/MMU.vhd Line: 95
Info (10041): Inferred latch for "CS[18]" at MMU.vhd(95) File: C:/Users/jabla/OneDrive/Studia/Semestr_IV/ASK/Projekt/MMU.vhd Line: 95
Info (10041): Inferred latch for "CS[19]" at MMU.vhd(95) File: C:/Users/jabla/OneDrive/Studia/Semestr_IV/ASK/Projekt/MMU.vhd Line: 95
Info (10041): Inferred latch for "MBRin[0]" at MMU.vhd(56) File: C:/Users/jabla/OneDrive/Studia/Semestr_IV/ASK/Projekt/MMU.vhd Line: 56
Info (10041): Inferred latch for "MBRin[1]" at MMU.vhd(56) File: C:/Users/jabla/OneDrive/Studia/Semestr_IV/ASK/Projekt/MMU.vhd Line: 56
Info (10041): Inferred latch for "MBRin[2]" at MMU.vhd(56) File: C:/Users/jabla/OneDrive/Studia/Semestr_IV/ASK/Projekt/MMU.vhd Line: 56
Info (10041): Inferred latch for "MBRin[3]" at MMU.vhd(56) File: C:/Users/jabla/OneDrive/Studia/Semestr_IV/ASK/Projekt/MMU.vhd Line: 56
Info (10041): Inferred latch for "MBRin[4]" at MMU.vhd(56) File: C:/Users/jabla/OneDrive/Studia/Semestr_IV/ASK/Projekt/MMU.vhd Line: 56
Info (10041): Inferred latch for "MBRin[5]" at MMU.vhd(56) File: C:/Users/jabla/OneDrive/Studia/Semestr_IV/ASK/Projekt/MMU.vhd Line: 56
Info (10041): Inferred latch for "MBRin[6]" at MMU.vhd(56) File: C:/Users/jabla/OneDrive/Studia/Semestr_IV/ASK/Projekt/MMU.vhd Line: 56
Info (10041): Inferred latch for "MBRin[7]" at MMU.vhd(56) File: C:/Users/jabla/OneDrive/Studia/Semestr_IV/ASK/Projekt/MMU.vhd Line: 56
Info (10041): Inferred latch for "MBRin[8]" at MMU.vhd(56) File: C:/Users/jabla/OneDrive/Studia/Semestr_IV/ASK/Projekt/MMU.vhd Line: 56
Info (10041): Inferred latch for "MBRin[9]" at MMU.vhd(56) File: C:/Users/jabla/OneDrive/Studia/Semestr_IV/ASK/Projekt/MMU.vhd Line: 56
Info (10041): Inferred latch for "MBRin[10]" at MMU.vhd(56) File: C:/Users/jabla/OneDrive/Studia/Semestr_IV/ASK/Projekt/MMU.vhd Line: 56
Info (10041): Inferred latch for "MBRin[11]" at MMU.vhd(56) File: C:/Users/jabla/OneDrive/Studia/Semestr_IV/ASK/Projekt/MMU.vhd Line: 56
Info (10041): Inferred latch for "MBRin[12]" at MMU.vhd(56) File: C:/Users/jabla/OneDrive/Studia/Semestr_IV/ASK/Projekt/MMU.vhd Line: 56
Info (10041): Inferred latch for "MBRin[13]" at MMU.vhd(56) File: C:/Users/jabla/OneDrive/Studia/Semestr_IV/ASK/Projekt/MMU.vhd Line: 56
Info (10041): Inferred latch for "MBRin[14]" at MMU.vhd(56) File: C:/Users/jabla/OneDrive/Studia/Semestr_IV/ASK/Projekt/MMU.vhd Line: 56
Info (10041): Inferred latch for "MBRin[15]" at MMU.vhd(56) File: C:/Users/jabla/OneDrive/Studia/Semestr_IV/ASK/Projekt/MMU.vhd Line: 56
Info (10041): Inferred latch for "MBRout[0]" at MMU.vhd(56) File: C:/Users/jabla/OneDrive/Studia/Semestr_IV/ASK/Projekt/MMU.vhd Line: 56
Info (10041): Inferred latch for "MBRout[1]" at MMU.vhd(56) File: C:/Users/jabla/OneDrive/Studia/Semestr_IV/ASK/Projekt/MMU.vhd Line: 56
Info (10041): Inferred latch for "MBRout[2]" at MMU.vhd(56) File: C:/Users/jabla/OneDrive/Studia/Semestr_IV/ASK/Projekt/MMU.vhd Line: 56
Info (10041): Inferred latch for "MBRout[3]" at MMU.vhd(56) File: C:/Users/jabla/OneDrive/Studia/Semestr_IV/ASK/Projekt/MMU.vhd Line: 56
Info (10041): Inferred latch for "MBRout[4]" at MMU.vhd(56) File: C:/Users/jabla/OneDrive/Studia/Semestr_IV/ASK/Projekt/MMU.vhd Line: 56
Info (10041): Inferred latch for "MBRout[5]" at MMU.vhd(56) File: C:/Users/jabla/OneDrive/Studia/Semestr_IV/ASK/Projekt/MMU.vhd Line: 56
Info (10041): Inferred latch for "MBRout[6]" at MMU.vhd(56) File: C:/Users/jabla/OneDrive/Studia/Semestr_IV/ASK/Projekt/MMU.vhd Line: 56
Info (10041): Inferred latch for "MBRout[7]" at MMU.vhd(56) File: C:/Users/jabla/OneDrive/Studia/Semestr_IV/ASK/Projekt/MMU.vhd Line: 56
Info (10041): Inferred latch for "MBRout[8]" at MMU.vhd(56) File: C:/Users/jabla/OneDrive/Studia/Semestr_IV/ASK/Projekt/MMU.vhd Line: 56
Info (10041): Inferred latch for "MBRout[9]" at MMU.vhd(56) File: C:/Users/jabla/OneDrive/Studia/Semestr_IV/ASK/Projekt/MMU.vhd Line: 56
Info (10041): Inferred latch for "MBRout[10]" at MMU.vhd(56) File: C:/Users/jabla/OneDrive/Studia/Semestr_IV/ASK/Projekt/MMU.vhd Line: 56
Info (10041): Inferred latch for "MBRout[11]" at MMU.vhd(56) File: C:/Users/jabla/OneDrive/Studia/Semestr_IV/ASK/Projekt/MMU.vhd Line: 56
Info (10041): Inferred latch for "MBRout[12]" at MMU.vhd(56) File: C:/Users/jabla/OneDrive/Studia/Semestr_IV/ASK/Projekt/MMU.vhd Line: 56
Info (10041): Inferred latch for "MBRout[13]" at MMU.vhd(56) File: C:/Users/jabla/OneDrive/Studia/Semestr_IV/ASK/Projekt/MMU.vhd Line: 56
Info (10041): Inferred latch for "MBRout[14]" at MMU.vhd(56) File: C:/Users/jabla/OneDrive/Studia/Semestr_IV/ASK/Projekt/MMU.vhd Line: 56
Info (10041): Inferred latch for "MBRout[15]" at MMU.vhd(56) File: C:/Users/jabla/OneDrive/Studia/Semestr_IV/ASK/Projekt/MMU.vhd Line: 56
Info (10041): Inferred latch for "MAR[0]" at MMU.vhd(40) File: C:/Users/jabla/OneDrive/Studia/Semestr_IV/ASK/Projekt/MMU.vhd Line: 40
Info (10041): Inferred latch for "MAR[1]" at MMU.vhd(40) File: C:/Users/jabla/OneDrive/Studia/Semestr_IV/ASK/Projekt/MMU.vhd Line: 40
Info (10041): Inferred latch for "MAR[2]" at MMU.vhd(40) File: C:/Users/jabla/OneDrive/Studia/Semestr_IV/ASK/Projekt/MMU.vhd Line: 40
Info (10041): Inferred latch for "MAR[3]" at MMU.vhd(40) File: C:/Users/jabla/OneDrive/Studia/Semestr_IV/ASK/Projekt/MMU.vhd Line: 40
Info (10041): Inferred latch for "MAR[4]" at MMU.vhd(40) File: C:/Users/jabla/OneDrive/Studia/Semestr_IV/ASK/Projekt/MMU.vhd Line: 40
Info (10041): Inferred latch for "MAR[5]" at MMU.vhd(40) File: C:/Users/jabla/OneDrive/Studia/Semestr_IV/ASK/Projekt/MMU.vhd Line: 40
Info (10041): Inferred latch for "MAR[6]" at MMU.vhd(40) File: C:/Users/jabla/OneDrive/Studia/Semestr_IV/ASK/Projekt/MMU.vhd Line: 40
Info (10041): Inferred latch for "MAR[7]" at MMU.vhd(40) File: C:/Users/jabla/OneDrive/Studia/Semestr_IV/ASK/Projekt/MMU.vhd Line: 40
Info (10041): Inferred latch for "MAR[8]" at MMU.vhd(40) File: C:/Users/jabla/OneDrive/Studia/Semestr_IV/ASK/Projekt/MMU.vhd Line: 40
Info (10041): Inferred latch for "MAR[9]" at MMU.vhd(40) File: C:/Users/jabla/OneDrive/Studia/Semestr_IV/ASK/Projekt/MMU.vhd Line: 40
Info (10041): Inferred latch for "MAR[10]" at MMU.vhd(40) File: C:/Users/jabla/OneDrive/Studia/Semestr_IV/ASK/Projekt/MMU.vhd Line: 40
Info (10041): Inferred latch for "MAR[11]" at MMU.vhd(40) File: C:/Users/jabla/OneDrive/Studia/Semestr_IV/ASK/Projekt/MMU.vhd Line: 40
Info (10041): Inferred latch for "MAR[12]" at MMU.vhd(40) File: C:/Users/jabla/OneDrive/Studia/Semestr_IV/ASK/Projekt/MMU.vhd Line: 40
Info (10041): Inferred latch for "MAR[13]" at MMU.vhd(40) File: C:/Users/jabla/OneDrive/Studia/Semestr_IV/ASK/Projekt/MMU.vhd Line: 40
Info (10041): Inferred latch for "MAR[14]" at MMU.vhd(40) File: C:/Users/jabla/OneDrive/Studia/Semestr_IV/ASK/Projekt/MMU.vhd Line: 40
Info (10041): Inferred latch for "MAR[15]" at MMU.vhd(40) File: C:/Users/jabla/OneDrive/Studia/Semestr_IV/ASK/Projekt/MMU.vhd Line: 40
Info (10041): Inferred latch for "MAR[16]" at MMU.vhd(40) File: C:/Users/jabla/OneDrive/Studia/Semestr_IV/ASK/Projekt/MMU.vhd Line: 40
Info (10041): Inferred latch for "MAR[17]" at MMU.vhd(40) File: C:/Users/jabla/OneDrive/Studia/Semestr_IV/ASK/Projekt/MMU.vhd Line: 40
Info (10041): Inferred latch for "MAR[18]" at MMU.vhd(40) File: C:/Users/jabla/OneDrive/Studia/Semestr_IV/ASK/Projekt/MMU.vhd Line: 40
Info (10041): Inferred latch for "MAR[19]" at MMU.vhd(40) File: C:/Users/jabla/OneDrive/Studia/Semestr_IV/ASK/Projekt/MMU.vhd Line: 40
Warning (13012): Latch D[0]$latch has unsafe behavior File: C:/Users/jabla/OneDrive/Studia/Semestr_IV/ASK/Projekt/MMU.vhd Line: 33
    Warning (13013): Ports D and ENA on the latch are fed by the same signal Sinternal File: C:/Users/jabla/OneDrive/Studia/Semestr_IV/ASK/Projekt/MMU.vhd Line: 11
Warning (13012): Latch D[0]_899 has unsafe behavior File: C:/Users/jabla/OneDrive/Studia/Semestr_IV/ASK/Projekt/MMU.vhd Line: 33
    Warning (13013): Ports D and ENA on the latch are fed by the same signal WRin File: C:/Users/jabla/OneDrive/Studia/Semestr_IV/ASK/Projekt/MMU.vhd Line: 11
Warning (13012): Latch D[1]$latch has unsafe behavior File: C:/Users/jabla/OneDrive/Studia/Semestr_IV/ASK/Projekt/MMU.vhd Line: 33
    Warning (13013): Ports D and ENA on the latch are fed by the same signal Sinternal File: C:/Users/jabla/OneDrive/Studia/Semestr_IV/ASK/Projekt/MMU.vhd Line: 11
Warning (13012): Latch D[2]$latch has unsafe behavior File: C:/Users/jabla/OneDrive/Studia/Semestr_IV/ASK/Projekt/MMU.vhd Line: 33
    Warning (13013): Ports D and ENA on the latch are fed by the same signal Sinternal File: C:/Users/jabla/OneDrive/Studia/Semestr_IV/ASK/Projekt/MMU.vhd Line: 11
Warning (13012): Latch D[3]$latch has unsafe behavior File: C:/Users/jabla/OneDrive/Studia/Semestr_IV/ASK/Projekt/MMU.vhd Line: 33
    Warning (13013): Ports D and ENA on the latch are fed by the same signal Sinternal File: C:/Users/jabla/OneDrive/Studia/Semestr_IV/ASK/Projekt/MMU.vhd Line: 11
Warning (13012): Latch D[4]$latch has unsafe behavior File: C:/Users/jabla/OneDrive/Studia/Semestr_IV/ASK/Projekt/MMU.vhd Line: 33
    Warning (13013): Ports D and ENA on the latch are fed by the same signal Sinternal File: C:/Users/jabla/OneDrive/Studia/Semestr_IV/ASK/Projekt/MMU.vhd Line: 11
Warning (13012): Latch D[5]$latch has unsafe behavior File: C:/Users/jabla/OneDrive/Studia/Semestr_IV/ASK/Projekt/MMU.vhd Line: 33
    Warning (13013): Ports D and ENA on the latch are fed by the same signal Sinternal File: C:/Users/jabla/OneDrive/Studia/Semestr_IV/ASK/Projekt/MMU.vhd Line: 11
Warning (13012): Latch D[6]$latch has unsafe behavior File: C:/Users/jabla/OneDrive/Studia/Semestr_IV/ASK/Projekt/MMU.vhd Line: 33
    Warning (13013): Ports D and ENA on the latch are fed by the same signal Sinternal File: C:/Users/jabla/OneDrive/Studia/Semestr_IV/ASK/Projekt/MMU.vhd Line: 11
Warning (13012): Latch D[7]$latch has unsafe behavior File: C:/Users/jabla/OneDrive/Studia/Semestr_IV/ASK/Projekt/MMU.vhd Line: 33
    Warning (13013): Ports D and ENA on the latch are fed by the same signal Sinternal File: C:/Users/jabla/OneDrive/Studia/Semestr_IV/ASK/Projekt/MMU.vhd Line: 11
Warning (13012): Latch D[8]$latch has unsafe behavior File: C:/Users/jabla/OneDrive/Studia/Semestr_IV/ASK/Projekt/MMU.vhd Line: 33
    Warning (13013): Ports D and ENA on the latch are fed by the same signal Sinternal File: C:/Users/jabla/OneDrive/Studia/Semestr_IV/ASK/Projekt/MMU.vhd Line: 11
Warning (13012): Latch D[9]$latch has unsafe behavior File: C:/Users/jabla/OneDrive/Studia/Semestr_IV/ASK/Projekt/MMU.vhd Line: 33
    Warning (13013): Ports D and ENA on the latch are fed by the same signal Sinternal File: C:/Users/jabla/OneDrive/Studia/Semestr_IV/ASK/Projekt/MMU.vhd Line: 11
Warning (13012): Latch D[10]$latch has unsafe behavior File: C:/Users/jabla/OneDrive/Studia/Semestr_IV/ASK/Projekt/MMU.vhd Line: 33
    Warning (13013): Ports D and ENA on the latch are fed by the same signal Sinternal File: C:/Users/jabla/OneDrive/Studia/Semestr_IV/ASK/Projekt/MMU.vhd Line: 11
Warning (13012): Latch D[11]$latch has unsafe behavior File: C:/Users/jabla/OneDrive/Studia/Semestr_IV/ASK/Projekt/MMU.vhd Line: 33
    Warning (13013): Ports D and ENA on the latch are fed by the same signal Sinternal File: C:/Users/jabla/OneDrive/Studia/Semestr_IV/ASK/Projekt/MMU.vhd Line: 11
Warning (13012): Latch D[12]$latch has unsafe behavior File: C:/Users/jabla/OneDrive/Studia/Semestr_IV/ASK/Projekt/MMU.vhd Line: 33
    Warning (13013): Ports D and ENA on the latch are fed by the same signal Sinternal File: C:/Users/jabla/OneDrive/Studia/Semestr_IV/ASK/Projekt/MMU.vhd Line: 11
Warning (13012): Latch D[13]$latch has unsafe behavior File: C:/Users/jabla/OneDrive/Studia/Semestr_IV/ASK/Projekt/MMU.vhd Line: 33
    Warning (13013): Ports D and ENA on the latch are fed by the same signal Sinternal File: C:/Users/jabla/OneDrive/Studia/Semestr_IV/ASK/Projekt/MMU.vhd Line: 11
Warning (13012): Latch D[14]$latch has unsafe behavior File: C:/Users/jabla/OneDrive/Studia/Semestr_IV/ASK/Projekt/MMU.vhd Line: 33
    Warning (13013): Ports D and ENA on the latch are fed by the same signal Sinternal File: C:/Users/jabla/OneDrive/Studia/Semestr_IV/ASK/Projekt/MMU.vhd Line: 11
Warning (13012): Latch D[15]$latch has unsafe behavior File: C:/Users/jabla/OneDrive/Studia/Semestr_IV/ASK/Projekt/MMU.vhd Line: 33
    Warning (13013): Ports D and ENA on the latch are fed by the same signal Sinternal File: C:/Users/jabla/OneDrive/Studia/Semestr_IV/ASK/Projekt/MMU.vhd Line: 11
Warning (13012): Latch MBRout[0] has unsafe behavior File: C:/Users/jabla/OneDrive/Studia/Semestr_IV/ASK/Projekt/MMU.vhd Line: 56
    Warning (13013): Ports D and ENA on the latch are fed by the same signal Sinternal File: C:/Users/jabla/OneDrive/Studia/Semestr_IV/ASK/Projekt/MMU.vhd Line: 11
Warning (13012): Latch CS[4] has unsafe behavior File: C:/Users/jabla/OneDrive/Studia/Semestr_IV/ASK/Projekt/MMU.vhd Line: 95
    Warning (13013): Ports D and ENA on the latch are fed by the same signal WRin File: C:/Users/jabla/OneDrive/Studia/Semestr_IV/ASK/Projekt/MMU.vhd Line: 11
Warning (13012): Latch DS[4] has unsafe behavior File: C:/Users/jabla/OneDrive/Studia/Semestr_IV/ASK/Projekt/MMU.vhd Line: 95
    Warning (13013): Ports D and ENA on the latch are fed by the same signal WRin File: C:/Users/jabla/OneDrive/Studia/Semestr_IV/ASK/Projekt/MMU.vhd Line: 11
Warning (13012): Latch SS[4] has unsafe behavior File: C:/Users/jabla/OneDrive/Studia/Semestr_IV/ASK/Projekt/MMU.vhd Line: 95
    Warning (13013): Ports D and ENA on the latch are fed by the same signal WRin File: C:/Users/jabla/OneDrive/Studia/Semestr_IV/ASK/Projekt/MMU.vhd Line: 11
Warning (13012): Latch MBRout[1] has unsafe behavior File: C:/Users/jabla/OneDrive/Studia/Semestr_IV/ASK/Projekt/MMU.vhd Line: 56
    Warning (13013): Ports D and ENA on the latch are fed by the same signal Sinternal File: C:/Users/jabla/OneDrive/Studia/Semestr_IV/ASK/Projekt/MMU.vhd Line: 11
Warning (13012): Latch CS[5] has unsafe behavior File: C:/Users/jabla/OneDrive/Studia/Semestr_IV/ASK/Projekt/MMU.vhd Line: 95
    Warning (13013): Ports D and ENA on the latch are fed by the same signal WRin File: C:/Users/jabla/OneDrive/Studia/Semestr_IV/ASK/Projekt/MMU.vhd Line: 11
Warning (13012): Latch DS[5] has unsafe behavior File: C:/Users/jabla/OneDrive/Studia/Semestr_IV/ASK/Projekt/MMU.vhd Line: 95
    Warning (13013): Ports D and ENA on the latch are fed by the same signal WRin File: C:/Users/jabla/OneDrive/Studia/Semestr_IV/ASK/Projekt/MMU.vhd Line: 11
Warning (13012): Latch SS[5] has unsafe behavior File: C:/Users/jabla/OneDrive/Studia/Semestr_IV/ASK/Projekt/MMU.vhd Line: 95
    Warning (13013): Ports D and ENA on the latch are fed by the same signal WRin File: C:/Users/jabla/OneDrive/Studia/Semestr_IV/ASK/Projekt/MMU.vhd Line: 11
Warning (13012): Latch MBRout[2] has unsafe behavior File: C:/Users/jabla/OneDrive/Studia/Semestr_IV/ASK/Projekt/MMU.vhd Line: 56
    Warning (13013): Ports D and ENA on the latch are fed by the same signal Sinternal File: C:/Users/jabla/OneDrive/Studia/Semestr_IV/ASK/Projekt/MMU.vhd Line: 11
Warning (13012): Latch CS[6] has unsafe behavior File: C:/Users/jabla/OneDrive/Studia/Semestr_IV/ASK/Projekt/MMU.vhd Line: 95
    Warning (13013): Ports D and ENA on the latch are fed by the same signal WRin File: C:/Users/jabla/OneDrive/Studia/Semestr_IV/ASK/Projekt/MMU.vhd Line: 11
Warning (13012): Latch DS[6] has unsafe behavior File: C:/Users/jabla/OneDrive/Studia/Semestr_IV/ASK/Projekt/MMU.vhd Line: 95
    Warning (13013): Ports D and ENA on the latch are fed by the same signal WRin File: C:/Users/jabla/OneDrive/Studia/Semestr_IV/ASK/Projekt/MMU.vhd Line: 11
Warning (13012): Latch SS[6] has unsafe behavior File: C:/Users/jabla/OneDrive/Studia/Semestr_IV/ASK/Projekt/MMU.vhd Line: 95
    Warning (13013): Ports D and ENA on the latch are fed by the same signal WRin File: C:/Users/jabla/OneDrive/Studia/Semestr_IV/ASK/Projekt/MMU.vhd Line: 11
Warning (13012): Latch MBRout[3] has unsafe behavior File: C:/Users/jabla/OneDrive/Studia/Semestr_IV/ASK/Projekt/MMU.vhd Line: 56
    Warning (13013): Ports D and ENA on the latch are fed by the same signal Sinternal File: C:/Users/jabla/OneDrive/Studia/Semestr_IV/ASK/Projekt/MMU.vhd Line: 11
Warning (13012): Latch CS[7] has unsafe behavior File: C:/Users/jabla/OneDrive/Studia/Semestr_IV/ASK/Projekt/MMU.vhd Line: 95
    Warning (13013): Ports D and ENA on the latch are fed by the same signal WRin File: C:/Users/jabla/OneDrive/Studia/Semestr_IV/ASK/Projekt/MMU.vhd Line: 11
Warning (13012): Latch DS[7] has unsafe behavior File: C:/Users/jabla/OneDrive/Studia/Semestr_IV/ASK/Projekt/MMU.vhd Line: 95
    Warning (13013): Ports D and ENA on the latch are fed by the same signal WRin File: C:/Users/jabla/OneDrive/Studia/Semestr_IV/ASK/Projekt/MMU.vhd Line: 11
Warning (13012): Latch SS[7] has unsafe behavior File: C:/Users/jabla/OneDrive/Studia/Semestr_IV/ASK/Projekt/MMU.vhd Line: 95
    Warning (13013): Ports D and ENA on the latch are fed by the same signal WRin File: C:/Users/jabla/OneDrive/Studia/Semestr_IV/ASK/Projekt/MMU.vhd Line: 11
Warning (13012): Latch MBRout[4] has unsafe behavior File: C:/Users/jabla/OneDrive/Studia/Semestr_IV/ASK/Projekt/MMU.vhd Line: 56
    Warning (13013): Ports D and ENA on the latch are fed by the same signal Sinternal File: C:/Users/jabla/OneDrive/Studia/Semestr_IV/ASK/Projekt/MMU.vhd Line: 11
Warning (13012): Latch CS[8] has unsafe behavior File: C:/Users/jabla/OneDrive/Studia/Semestr_IV/ASK/Projekt/MMU.vhd Line: 95
    Warning (13013): Ports D and ENA on the latch are fed by the same signal WRin File: C:/Users/jabla/OneDrive/Studia/Semestr_IV/ASK/Projekt/MMU.vhd Line: 11
Warning (13012): Latch DS[8] has unsafe behavior File: C:/Users/jabla/OneDrive/Studia/Semestr_IV/ASK/Projekt/MMU.vhd Line: 95
    Warning (13013): Ports D and ENA on the latch are fed by the same signal WRin File: C:/Users/jabla/OneDrive/Studia/Semestr_IV/ASK/Projekt/MMU.vhd Line: 11
Warning (13012): Latch SS[8] has unsafe behavior File: C:/Users/jabla/OneDrive/Studia/Semestr_IV/ASK/Projekt/MMU.vhd Line: 95
    Warning (13013): Ports D and ENA on the latch are fed by the same signal WRin File: C:/Users/jabla/OneDrive/Studia/Semestr_IV/ASK/Projekt/MMU.vhd Line: 11
Warning (13012): Latch MBRout[5] has unsafe behavior File: C:/Users/jabla/OneDrive/Studia/Semestr_IV/ASK/Projekt/MMU.vhd Line: 56
    Warning (13013): Ports D and ENA on the latch are fed by the same signal Sinternal File: C:/Users/jabla/OneDrive/Studia/Semestr_IV/ASK/Projekt/MMU.vhd Line: 11
Warning (13012): Latch CS[9] has unsafe behavior File: C:/Users/jabla/OneDrive/Studia/Semestr_IV/ASK/Projekt/MMU.vhd Line: 95
    Warning (13013): Ports D and ENA on the latch are fed by the same signal WRin File: C:/Users/jabla/OneDrive/Studia/Semestr_IV/ASK/Projekt/MMU.vhd Line: 11
Warning (13012): Latch DS[9] has unsafe behavior File: C:/Users/jabla/OneDrive/Studia/Semestr_IV/ASK/Projekt/MMU.vhd Line: 95
    Warning (13013): Ports D and ENA on the latch are fed by the same signal WRin File: C:/Users/jabla/OneDrive/Studia/Semestr_IV/ASK/Projekt/MMU.vhd Line: 11
Warning (13012): Latch SS[9] has unsafe behavior File: C:/Users/jabla/OneDrive/Studia/Semestr_IV/ASK/Projekt/MMU.vhd Line: 95
    Warning (13013): Ports D and ENA on the latch are fed by the same signal WRin File: C:/Users/jabla/OneDrive/Studia/Semestr_IV/ASK/Projekt/MMU.vhd Line: 11
Warning (13012): Latch MBRout[6] has unsafe behavior File: C:/Users/jabla/OneDrive/Studia/Semestr_IV/ASK/Projekt/MMU.vhd Line: 56
    Warning (13013): Ports D and ENA on the latch are fed by the same signal Sinternal File: C:/Users/jabla/OneDrive/Studia/Semestr_IV/ASK/Projekt/MMU.vhd Line: 11
Warning (13012): Latch CS[10] has unsafe behavior File: C:/Users/jabla/OneDrive/Studia/Semestr_IV/ASK/Projekt/MMU.vhd Line: 95
    Warning (13013): Ports D and ENA on the latch are fed by the same signal WRin File: C:/Users/jabla/OneDrive/Studia/Semestr_IV/ASK/Projekt/MMU.vhd Line: 11
Warning (13012): Latch DS[10] has unsafe behavior File: C:/Users/jabla/OneDrive/Studia/Semestr_IV/ASK/Projekt/MMU.vhd Line: 95
    Warning (13013): Ports D and ENA on the latch are fed by the same signal WRin File: C:/Users/jabla/OneDrive/Studia/Semestr_IV/ASK/Projekt/MMU.vhd Line: 11
Warning (13012): Latch SS[10] has unsafe behavior File: C:/Users/jabla/OneDrive/Studia/Semestr_IV/ASK/Projekt/MMU.vhd Line: 95
    Warning (13013): Ports D and ENA on the latch are fed by the same signal WRin File: C:/Users/jabla/OneDrive/Studia/Semestr_IV/ASK/Projekt/MMU.vhd Line: 11
Warning (13012): Latch MBRout[7] has unsafe behavior File: C:/Users/jabla/OneDrive/Studia/Semestr_IV/ASK/Projekt/MMU.vhd Line: 56
    Warning (13013): Ports D and ENA on the latch are fed by the same signal Sinternal File: C:/Users/jabla/OneDrive/Studia/Semestr_IV/ASK/Projekt/MMU.vhd Line: 11
Warning (13012): Latch CS[11] has unsafe behavior File: C:/Users/jabla/OneDrive/Studia/Semestr_IV/ASK/Projekt/MMU.vhd Line: 95
    Warning (13013): Ports D and ENA on the latch are fed by the same signal WRin File: C:/Users/jabla/OneDrive/Studia/Semestr_IV/ASK/Projekt/MMU.vhd Line: 11
Warning (13012): Latch DS[11] has unsafe behavior File: C:/Users/jabla/OneDrive/Studia/Semestr_IV/ASK/Projekt/MMU.vhd Line: 95
    Warning (13013): Ports D and ENA on the latch are fed by the same signal WRin File: C:/Users/jabla/OneDrive/Studia/Semestr_IV/ASK/Projekt/MMU.vhd Line: 11
Warning (13012): Latch SS[11] has unsafe behavior File: C:/Users/jabla/OneDrive/Studia/Semestr_IV/ASK/Projekt/MMU.vhd Line: 95
    Warning (13013): Ports D and ENA on the latch are fed by the same signal WRin File: C:/Users/jabla/OneDrive/Studia/Semestr_IV/ASK/Projekt/MMU.vhd Line: 11
Warning (13012): Latch MBRout[8] has unsafe behavior File: C:/Users/jabla/OneDrive/Studia/Semestr_IV/ASK/Projekt/MMU.vhd Line: 56
    Warning (13013): Ports D and ENA on the latch are fed by the same signal Sinternal File: C:/Users/jabla/OneDrive/Studia/Semestr_IV/ASK/Projekt/MMU.vhd Line: 11
Warning (13012): Latch CS[12] has unsafe behavior File: C:/Users/jabla/OneDrive/Studia/Semestr_IV/ASK/Projekt/MMU.vhd Line: 95
    Warning (13013): Ports D and ENA on the latch are fed by the same signal WRin File: C:/Users/jabla/OneDrive/Studia/Semestr_IV/ASK/Projekt/MMU.vhd Line: 11
Warning (13012): Latch DS[12] has unsafe behavior File: C:/Users/jabla/OneDrive/Studia/Semestr_IV/ASK/Projekt/MMU.vhd Line: 95
    Warning (13013): Ports D and ENA on the latch are fed by the same signal WRin File: C:/Users/jabla/OneDrive/Studia/Semestr_IV/ASK/Projekt/MMU.vhd Line: 11
Warning (13012): Latch SS[12] has unsafe behavior File: C:/Users/jabla/OneDrive/Studia/Semestr_IV/ASK/Projekt/MMU.vhd Line: 95
    Warning (13013): Ports D and ENA on the latch are fed by the same signal WRin File: C:/Users/jabla/OneDrive/Studia/Semestr_IV/ASK/Projekt/MMU.vhd Line: 11
Warning (13012): Latch MBRout[9] has unsafe behavior File: C:/Users/jabla/OneDrive/Studia/Semestr_IV/ASK/Projekt/MMU.vhd Line: 56
    Warning (13013): Ports D and ENA on the latch are fed by the same signal Sinternal File: C:/Users/jabla/OneDrive/Studia/Semestr_IV/ASK/Projekt/MMU.vhd Line: 11
Warning (13012): Latch CS[13] has unsafe behavior File: C:/Users/jabla/OneDrive/Studia/Semestr_IV/ASK/Projekt/MMU.vhd Line: 95
    Warning (13013): Ports D and ENA on the latch are fed by the same signal WRin File: C:/Users/jabla/OneDrive/Studia/Semestr_IV/ASK/Projekt/MMU.vhd Line: 11
Warning (13012): Latch DS[13] has unsafe behavior File: C:/Users/jabla/OneDrive/Studia/Semestr_IV/ASK/Projekt/MMU.vhd Line: 95
    Warning (13013): Ports D and ENA on the latch are fed by the same signal WRin File: C:/Users/jabla/OneDrive/Studia/Semestr_IV/ASK/Projekt/MMU.vhd Line: 11
Warning (13012): Latch SS[13] has unsafe behavior File: C:/Users/jabla/OneDrive/Studia/Semestr_IV/ASK/Projekt/MMU.vhd Line: 95
    Warning (13013): Ports D and ENA on the latch are fed by the same signal WRin File: C:/Users/jabla/OneDrive/Studia/Semestr_IV/ASK/Projekt/MMU.vhd Line: 11
Warning (13012): Latch MBRout[10] has unsafe behavior File: C:/Users/jabla/OneDrive/Studia/Semestr_IV/ASK/Projekt/MMU.vhd Line: 56
    Warning (13013): Ports D and ENA on the latch are fed by the same signal Sinternal File: C:/Users/jabla/OneDrive/Studia/Semestr_IV/ASK/Projekt/MMU.vhd Line: 11
Warning (13012): Latch CS[14] has unsafe behavior File: C:/Users/jabla/OneDrive/Studia/Semestr_IV/ASK/Projekt/MMU.vhd Line: 95
    Warning (13013): Ports D and ENA on the latch are fed by the same signal WRin File: C:/Users/jabla/OneDrive/Studia/Semestr_IV/ASK/Projekt/MMU.vhd Line: 11
Warning (13012): Latch DS[14] has unsafe behavior File: C:/Users/jabla/OneDrive/Studia/Semestr_IV/ASK/Projekt/MMU.vhd Line: 95
    Warning (13013): Ports D and ENA on the latch are fed by the same signal WRin File: C:/Users/jabla/OneDrive/Studia/Semestr_IV/ASK/Projekt/MMU.vhd Line: 11
Warning (13012): Latch SS[14] has unsafe behavior File: C:/Users/jabla/OneDrive/Studia/Semestr_IV/ASK/Projekt/MMU.vhd Line: 95
    Warning (13013): Ports D and ENA on the latch are fed by the same signal WRin File: C:/Users/jabla/OneDrive/Studia/Semestr_IV/ASK/Projekt/MMU.vhd Line: 11
Warning (13012): Latch MBRout[11] has unsafe behavior File: C:/Users/jabla/OneDrive/Studia/Semestr_IV/ASK/Projekt/MMU.vhd Line: 56
    Warning (13013): Ports D and ENA on the latch are fed by the same signal Sinternal File: C:/Users/jabla/OneDrive/Studia/Semestr_IV/ASK/Projekt/MMU.vhd Line: 11
Warning (13012): Latch CS[15] has unsafe behavior File: C:/Users/jabla/OneDrive/Studia/Semestr_IV/ASK/Projekt/MMU.vhd Line: 95
    Warning (13013): Ports D and ENA on the latch are fed by the same signal WRin File: C:/Users/jabla/OneDrive/Studia/Semestr_IV/ASK/Projekt/MMU.vhd Line: 11
Warning (13012): Latch DS[15] has unsafe behavior File: C:/Users/jabla/OneDrive/Studia/Semestr_IV/ASK/Projekt/MMU.vhd Line: 95
    Warning (13013): Ports D and ENA on the latch are fed by the same signal WRin File: C:/Users/jabla/OneDrive/Studia/Semestr_IV/ASK/Projekt/MMU.vhd Line: 11
Warning (13012): Latch SS[15] has unsafe behavior File: C:/Users/jabla/OneDrive/Studia/Semestr_IV/ASK/Projekt/MMU.vhd Line: 95
    Warning (13013): Ports D and ENA on the latch are fed by the same signal WRin File: C:/Users/jabla/OneDrive/Studia/Semestr_IV/ASK/Projekt/MMU.vhd Line: 11
Warning (13012): Latch MBRout[12] has unsafe behavior File: C:/Users/jabla/OneDrive/Studia/Semestr_IV/ASK/Projekt/MMU.vhd Line: 56
    Warning (13013): Ports D and ENA on the latch are fed by the same signal Sinternal File: C:/Users/jabla/OneDrive/Studia/Semestr_IV/ASK/Projekt/MMU.vhd Line: 11
Warning (13012): Latch CS[16] has unsafe behavior File: C:/Users/jabla/OneDrive/Studia/Semestr_IV/ASK/Projekt/MMU.vhd Line: 95
    Warning (13013): Ports D and ENA on the latch are fed by the same signal WRin File: C:/Users/jabla/OneDrive/Studia/Semestr_IV/ASK/Projekt/MMU.vhd Line: 11
Warning (13012): Latch DS[16] has unsafe behavior File: C:/Users/jabla/OneDrive/Studia/Semestr_IV/ASK/Projekt/MMU.vhd Line: 95
    Warning (13013): Ports D and ENA on the latch are fed by the same signal WRin File: C:/Users/jabla/OneDrive/Studia/Semestr_IV/ASK/Projekt/MMU.vhd Line: 11
Warning (13012): Latch SS[16] has unsafe behavior File: C:/Users/jabla/OneDrive/Studia/Semestr_IV/ASK/Projekt/MMU.vhd Line: 95
    Warning (13013): Ports D and ENA on the latch are fed by the same signal WRin File: C:/Users/jabla/OneDrive/Studia/Semestr_IV/ASK/Projekt/MMU.vhd Line: 11
Warning (13012): Latch MBRout[13] has unsafe behavior File: C:/Users/jabla/OneDrive/Studia/Semestr_IV/ASK/Projekt/MMU.vhd Line: 56
    Warning (13013): Ports D and ENA on the latch are fed by the same signal Sinternal File: C:/Users/jabla/OneDrive/Studia/Semestr_IV/ASK/Projekt/MMU.vhd Line: 11
Warning (13012): Latch CS[17] has unsafe behavior File: C:/Users/jabla/OneDrive/Studia/Semestr_IV/ASK/Projekt/MMU.vhd Line: 95
    Warning (13013): Ports D and ENA on the latch are fed by the same signal WRin File: C:/Users/jabla/OneDrive/Studia/Semestr_IV/ASK/Projekt/MMU.vhd Line: 11
Warning (13012): Latch DS[17] has unsafe behavior File: C:/Users/jabla/OneDrive/Studia/Semestr_IV/ASK/Projekt/MMU.vhd Line: 95
    Warning (13013): Ports D and ENA on the latch are fed by the same signal WRin File: C:/Users/jabla/OneDrive/Studia/Semestr_IV/ASK/Projekt/MMU.vhd Line: 11
Warning (13012): Latch SS[17] has unsafe behavior File: C:/Users/jabla/OneDrive/Studia/Semestr_IV/ASK/Projekt/MMU.vhd Line: 95
    Warning (13013): Ports D and ENA on the latch are fed by the same signal WRin File: C:/Users/jabla/OneDrive/Studia/Semestr_IV/ASK/Projekt/MMU.vhd Line: 11
Warning (13012): Latch MBRout[14] has unsafe behavior File: C:/Users/jabla/OneDrive/Studia/Semestr_IV/ASK/Projekt/MMU.vhd Line: 56
    Warning (13013): Ports D and ENA on the latch are fed by the same signal Sinternal File: C:/Users/jabla/OneDrive/Studia/Semestr_IV/ASK/Projekt/MMU.vhd Line: 11
Warning (13012): Latch CS[18] has unsafe behavior File: C:/Users/jabla/OneDrive/Studia/Semestr_IV/ASK/Projekt/MMU.vhd Line: 95
    Warning (13013): Ports D and ENA on the latch are fed by the same signal WRin File: C:/Users/jabla/OneDrive/Studia/Semestr_IV/ASK/Projekt/MMU.vhd Line: 11
Warning (13012): Latch DS[18] has unsafe behavior File: C:/Users/jabla/OneDrive/Studia/Semestr_IV/ASK/Projekt/MMU.vhd Line: 95
    Warning (13013): Ports D and ENA on the latch are fed by the same signal WRin File: C:/Users/jabla/OneDrive/Studia/Semestr_IV/ASK/Projekt/MMU.vhd Line: 11
Warning (13012): Latch SS[18] has unsafe behavior File: C:/Users/jabla/OneDrive/Studia/Semestr_IV/ASK/Projekt/MMU.vhd Line: 95
    Warning (13013): Ports D and ENA on the latch are fed by the same signal WRin File: C:/Users/jabla/OneDrive/Studia/Semestr_IV/ASK/Projekt/MMU.vhd Line: 11
Warning (13012): Latch MBRout[15] has unsafe behavior File: C:/Users/jabla/OneDrive/Studia/Semestr_IV/ASK/Projekt/MMU.vhd Line: 56
    Warning (13013): Ports D and ENA on the latch are fed by the same signal Sinternal File: C:/Users/jabla/OneDrive/Studia/Semestr_IV/ASK/Projekt/MMU.vhd Line: 11
Warning (13012): Latch CS[19] has unsafe behavior File: C:/Users/jabla/OneDrive/Studia/Semestr_IV/ASK/Projekt/MMU.vhd Line: 95
    Warning (13013): Ports D and ENA on the latch are fed by the same signal WRin File: C:/Users/jabla/OneDrive/Studia/Semestr_IV/ASK/Projekt/MMU.vhd Line: 11
Warning (13012): Latch DS[19] has unsafe behavior File: C:/Users/jabla/OneDrive/Studia/Semestr_IV/ASK/Projekt/MMU.vhd Line: 95
    Warning (13013): Ports D and ENA on the latch are fed by the same signal WRin File: C:/Users/jabla/OneDrive/Studia/Semestr_IV/ASK/Projekt/MMU.vhd Line: 11
Warning (13012): Latch SS[19] has unsafe behavior File: C:/Users/jabla/OneDrive/Studia/Semestr_IV/ASK/Projekt/MMU.vhd Line: 95
    Warning (13013): Ports D and ENA on the latch are fed by the same signal WRin File: C:/Users/jabla/OneDrive/Studia/Semestr_IV/ASK/Projekt/MMU.vhd Line: 11
Info (286030): Timing-Driven Synthesis is running
Info (16010): Generating hard_block partition "hard_block:auto_generated_inst"
    Info (16011): Adding 0 node(s), including 0 DDIO, 0 PLL, 0 transceiver and 0 LCELL
Warning (21074): Design contains 12 input pin(s) that do not drive logic
    Warning (15610): No output dependent on input pin "ADR[20]" File: C:/Users/jabla/OneDrive/Studia/Semestr_IV/ASK/Projekt/MMU.vhd Line: 7
    Warning (15610): No output dependent on input pin "ADR[21]" File: C:/Users/jabla/OneDrive/Studia/Semestr_IV/ASK/Projekt/MMU.vhd Line: 7
    Warning (15610): No output dependent on input pin "ADR[22]" File: C:/Users/jabla/OneDrive/Studia/Semestr_IV/ASK/Projekt/MMU.vhd Line: 7
    Warning (15610): No output dependent on input pin "ADR[23]" File: C:/Users/jabla/OneDrive/Studia/Semestr_IV/ASK/Projekt/MMU.vhd Line: 7
    Warning (15610): No output dependent on input pin "ADR[24]" File: C:/Users/jabla/OneDrive/Studia/Semestr_IV/ASK/Projekt/MMU.vhd Line: 7
    Warning (15610): No output dependent on input pin "ADR[25]" File: C:/Users/jabla/OneDrive/Studia/Semestr_IV/ASK/Projekt/MMU.vhd Line: 7
    Warning (15610): No output dependent on input pin "ADR[26]" File: C:/Users/jabla/OneDrive/Studia/Semestr_IV/ASK/Projekt/MMU.vhd Line: 7
    Warning (15610): No output dependent on input pin "ADR[27]" File: C:/Users/jabla/OneDrive/Studia/Semestr_IV/ASK/Projekt/MMU.vhd Line: 7
    Warning (15610): No output dependent on input pin "ADR[28]" File: C:/Users/jabla/OneDrive/Studia/Semestr_IV/ASK/Projekt/MMU.vhd Line: 7
    Warning (15610): No output dependent on input pin "ADR[29]" File: C:/Users/jabla/OneDrive/Studia/Semestr_IV/ASK/Projekt/MMU.vhd Line: 7
    Warning (15610): No output dependent on input pin "ADR[30]" File: C:/Users/jabla/OneDrive/Studia/Semestr_IV/ASK/Projekt/MMU.vhd Line: 7
    Warning (15610): No output dependent on input pin "ADR[31]" File: C:/Users/jabla/OneDrive/Studia/Semestr_IV/ASK/Projekt/MMU.vhd Line: 7
Info (21057): Implemented 333 device resources after synthesis - the final resource count might be different
    Info (21058): Implemented 55 input pins
    Info (21059): Implemented 38 output pins
    Info (21060): Implemented 16 bidirectional pins
    Info (21061): Implemented 224 logic cells
Info: Quartus Prime Analysis & Synthesis was successful. 0 errors, 190 warnings
    Info: Peak virtual memory: 4848 megabytes
    Info: Processing ended: Mon May 31 12:12:53 2021
    Info: Elapsed time: 00:00:19
    Info: Total CPU time (on all processors): 00:00:30


